0	2186481	T	running		echo hello world
0	2186481	T	stopped		echo hello world
0	2186481	T	running		echo hello world
0	2186481	T	dead	0x0	echo hello world
