0	2187657	T	running		echo hello world
0	2187657	T	stopped		echo hello world
1	2187658	T	running		sleep 1
1	2187658	T	stopped		sleep 1
1	2187658	T	running		sleep 1
0	2187657	T	running		echo hello world
0	2187657	T	dead	0x0	echo hello world
1	2187658	T	killed		sleep 1
1	2187658	T	dead	0x9	sleep 1
