0	2186529	T	running		echo hello world
0	2186529	T	stopped		echo hello world
1	2186530	T	running		sleep 1
1	2186530	T	stopped		sleep 1
1	2186530	T	running		sleep 1
0	2186529	T	running		echo hello world
0	2186529	T	dead	0x0	echo hello world
1	2186530	T	dead	0x0	sleep 1
